# quilt-in-git pins  src=/tmp/zlanes2/laneH/wt
# scratch=/tmp/quilt-pins-KEm0DI  git=2.43.0

PASS P1a dial commit accepted
PASS P1b receipt exists (.quilt/receipts/70860de.json)
PASS P1c receipt contains commit hash
PASS P1d receipt contains alias a
PASS P1e watch.log grew by exactly one line (1->2)
PASS P1f watch line starts with 'tick' (tick 70860de 70860de a)
PASS P2a freeze commit (dial15=0.8) accepted
PASS P2b next commit touching cell rejected (rc=1)
PASS P2c error mentions frozen
PASS P2d dial file unchanged by rejected commit (still 0.7 as written)
PASS P2e committed dial1 still 0.0
PASS P2f no new commit was created
PASS P3a tick a dial1=0.9 committed
PASS P3b b.dials/14 == 0.4500 (== 0.45)
PASS P3c 'quilt: cascade after' commit exists
PASS P4c new dial value 0.99 committed
PASS P4d rewind (checkout prev -- cells/a/) restores 0.11
PASS P5c fresh clone: no receipt, no watch line (hooks inert)
PASS P5e quilt-init set core.hooksPath=.quilt/hooks
PASS P5g receipt appears after quilt-init (2c87e9c.json)
PASS P5h watch.log grew after quilt-init
PASS P6b non-cell commit created NO receipt
PASS P6c non-cell commit added NO watch.log line
PASS P10a tick (a dial3=0.37) committed
FAIL P10b refs/quilt/dials missing after tick
PASS P11a tick (a dial5=0.5) committed
FAIL P11b refs/quilt/dials missing
PASS P12a tick (a dial2=0.66) committed
FAIL P12b refs/quilt/HEAD missing after tick

# ---- per-pin verdicts ----
P1 receipt+watch on dial commit : PASS
P2 freeze enforcement          : PASS
P3 cascade                      : PASS
P4 rewind                       : PASS
P5 clone needs quilt-init       : PASS
P6 non-cell commit silent       : PASS
P10 refs/quilt/dials snapshot   : FAIL
P11 dials-only tree             : FAIL
P12 refs/quilt/HEAD live state  : FAIL

PINS: 6/9 pins pass (26 checks pass, 3 checks fail)
PINS: FAILURES PRESENT (scratch kept for inspection: /tmp/quilt-pins-KEm0DI)
