# quilt-in-git pins  src=/tmp/zlanes2/laneG/wt
# scratch=/tmp/quilt-pins-uHSNTM  git=2.43.0

PASS P1a dial commit accepted
PASS P1b receipt exists (.quilt/receipts/fc794fc.json)
PASS P1c receipt contains commit hash
PASS P1d receipt contains alias a
PASS P1e watch.log grew by exactly one line (1->2)
PASS P1f watch line starts with 'tick' (tick fc794fc fc794fc a)
PASS P2a freeze commit (dial15=0.8) accepted
PASS P2b next commit touching cell rejected (rc=1)
PASS P2c error mentions frozen
PASS P2d dial file unchanged by rejected commit (still 0.7 as written)
PASS P2e committed dial1 still 0.0
PASS P2f no new commit was created
PASS P3a tick a dial1=0.9 committed
PASS P3b b.dials/14 == 0.4500 (== 0.45)
PASS P3c 'quilt: cascade after' commit exists
PASS P4c new dial value 0.99 committed
PASS P4d rewind (checkout prev -- cells/a/) restores 0.11
PASS P5c fresh clone: no receipt, no watch line (hooks inert)
PASS P5e quilt-init set core.hooksPath=.quilt/hooks
PASS P5g receipt appears after quilt-init (f506216.json)
PASS P5h watch.log grew after quilt-init
PASS P6b non-cell commit created NO receipt
PASS P6c non-cell commit added NO watch.log line
PASS P7a tick commit accepted
FAIL P7b no receipt note on f21a84ff413c8ed96dc921b4c3def3cfc6a96dd5
FAIL P8c quilt-audit exit=127: tests/pins_quiltgit.sh: line 342: ./.quilt/bin/quilt-audit: No such file or directory
FAIL P9b verify already failing: tests/pins_quiltgit.sh: line 399: ./.quilt/bin/quilt-verify: No such file or directory

# ---- per-pin verdicts ----
P1 receipt+watch on dial commit : PASS
P2 freeze enforcement          : PASS
P3 cascade                      : PASS
P4 rewind                       : PASS
P5 clone needs quilt-init       : PASS
P6 non-cell commit silent       : PASS
P7 receipt note on tick commit  : FAIL
P8 audit + receipts ride clone  : FAIL
P9 tampered note detected       : FAIL

PINS: 6/9 pins pass (24 checks pass, 3 checks fail)
PINS: FAILURES PRESENT (scratch kept for inspection: /tmp/quilt-pins-uHSNTM)
